2021-03-11 22:34:55,664:INFO:flipkrat.py:Url hitted
2021-03-11 22:34:55,871:INFO:flipkrat.py:login popup handled
2021-03-11 22:34:56,219:INFO:flipkrat.py:Search begins
2021-03-11 22:34:59,039:INFO:flipkrat.py:Data saved in scrapper file
2021-03-11 22:35:58,120:INFO:flipkrat.py:Url hitted
2021-03-11 22:35:58,315:INFO:flipkrat.py:login popup handled
2021-03-11 22:35:58,591:INFO:flipkrat.py:Search begins
2021-03-11 22:36:01,400:INFO:flipkrat.py:Data saved in scrapper file
2021-03-11 22:36:23,309:INFO:flipkrat.py:Url hitted
2021-03-11 22:36:23,496:INFO:flipkrat.py:login popup handled
2021-03-11 22:36:23,770:INFO:flipkrat.py:Search begins
2021-03-11 22:36:33,418:INFO:flipkrat.py:Url hitted
2021-03-11 22:36:33,647:INFO:flipkrat.py:login popup handled
2021-03-11 22:36:34,002:INFO:flipkrat.py:Search begins
2021-03-11 22:36:36,914:INFO:flipkrat.py:Data saved in scrapper file
2021-03-11 22:37:59,845:INFO:flipkrat.py:Thread run completed
2021-03-12 18:10:07,996:INFO:flipkrat.py:Url hitted
2021-03-12 18:10:08,216:INFO:flipkrat.py:login popup handled
2021-03-12 18:10:08,649:INFO:flipkrat.py:Search begins for Nike
2021-03-12 18:10:15,835:INFO:flipkrat.py:Data saved in scrapper file
2021-03-12 18:21:17,976:INFO:flipkrat.py:Url hitted
2021-03-12 18:21:18,307:INFO:flipkrat.py:login popup handled
2021-03-12 18:21:18,661:INFO:flipkrat.py:Search begins for shorts
2021-03-12 18:21:45,120:INFO:flipkrat.py:Thread run completed
2021-03-12 18:51:46,598:INFO:flipkrat.py:Url hitted
2021-03-12 18:51:46,854:INFO:flipkrat.py:login popup handled
2021-03-12 18:51:47,148:INFO:flipkrat.py:Search begins for Nike
2021-03-12 18:51:52,934:INFO:flipkrat.py:Data saved in scrapper file
2021-03-12 18:59:13,412:INFO:flipkrat.py:Url hitted
2021-03-12 18:59:13,585:INFO:flipkrat.py:login popup handled
2021-03-12 18:59:13,871:INFO:flipkrat.py:Search begins for Nike
2021-03-12 18:59:20,027:INFO:flipkrat.py:Data saved in scrapper file
2021-03-12 19:05:39,138:INFO:flipkrat.py:Url hitted
2021-03-12 19:05:39,293:INFO:flipkrat.py:login popup handled
2021-03-12 19:05:39,627:INFO:flipkrat.py:Search begins for Saree
2021-03-12 19:05:45,435:INFO:flipkrat.py:Data saved in scrapper file
2021-03-12 19:48:30,551:INFO:flipkrat.py:Url hitted
2021-03-12 19:48:32,022:INFO:flipkrat.py:login popup handled
2021-03-12 19:48:33,971:INFO:flipkrat.py:Search begins for Nike
2021-03-12 19:48:39,271:INFO:flipkrat.py:Data saved in scrapper file
2021-03-12 19:52:16,469:INFO:flipkrat.py:Url hitted
2021-03-12 19:52:16,797:INFO:flipkrat.py:login popup handled
2021-03-12 19:52:17,244:INFO:flipkrat.py:Search begins for Nike
2021-03-12 19:52:19,627:INFO:flipkrat.py:Data saved in scrapper file
2021-03-12 22:38:31,082:INFO:flipkrat.py:Url hitted
2021-03-12 22:38:31,387:INFO:flipkrat.py:login popup handled
2021-03-12 22:38:31,835:INFO:flipkrat.py:Search begins for Nike
2021-03-12 22:38:38,080:INFO:flipkrat.py:Data saved in scrapper file
2021-08-01 08:54:14,648:INFO:flipkrat.py:Url hitted
2021-08-01 08:54:14,719:INFO:flipkrat.py:login popup handled
2021-08-01 08:54:14,831:INFO:flipkrat.py:Search begins for iphone
2021-08-01 08:54:35,750:INFO:flipkrat.py:Data saved in scrapper file
2021-08-01 11:07:39,043:INFO:flipkrat.py:Url hitted
2021-08-01 11:07:39,097:INFO:flipkrat.py:login popup handled
2021-08-01 11:07:39,204:INFO:flipkrat.py:Search begins for iphone3
2021-08-01 11:08:24,348:INFO:flipkrat.py:Thread run completed
2021-08-17 23:06:36,057:INFO:flipkrat.py:Url hitted
2021-08-17 23:06:36,108:INFO:flipkrat.py:login popup handled
2021-08-17 23:06:36,215:INFO:flipkrat.py:Search begins for iphone
2021-08-17 23:07:10,105:INFO:flipkrat.py:Data saved in scrapper file
2021-08-17 23:07:11,034:INFO:flipkrat.py:Url hitted
2021-08-17 23:07:11,088:INFO:flipkrat.py:login popup handled
2021-08-17 23:07:11,184:INFO:flipkrat.py:Search begins for iphone7
2021-08-17 23:07:32,161:INFO:flipkrat.py:Data saved in scrapper file
2021-08-17 23:17:38,727:INFO:flipkrat.py:Url hitted
2021-08-17 23:17:38,775:INFO:flipkrat.py:login popup handled
2021-08-17 23:17:38,889:INFO:flipkrat.py:Search begins for fdfgerzgrhygdfrgfht
2021-08-17 23:17:47,629:INFO:flipkrat.py:Thread run completed
2021-08-17 23:18:32,712:INFO:flipkrat.py:Url hitted
2021-08-17 23:18:32,762:INFO:flipkrat.py:login popup handled
2021-08-17 23:18:32,851:INFO:flipkrat.py:Search begins for mouse
2021-08-17 23:18:55,876:INFO:flipkrat.py:Data saved in scrapper file
